// Jest Snapshot v1, https://goo.gl/fbAQLP

exports[`Should GenreList render correctly With All genres 1`] = `
<ul
  className="catalog__genres-list"
>
  <li
    className="catalog__genres-item catalog__genres-item--active "
  >
    <a
      className="catalog__genres-link"
      href="#"
      onClick={[Function]}
    >
      All genres
    </a>
  </li>
  <li
    className="catalog__genres-item  "
  >
    <a
      className="catalog__genres-link"
      href="#"
      onClick={[Function]}
    >
      Comedy
    </a>
  </li>
</ul>
`;

exports[`Should GenreList render correctly With Comedy 1`] = `
<ul
  className="catalog__genres-list"
>
  <li
    className="catalog__genres-item  "
  >
    <a
      className="catalog__genres-link"
      href="#"
      onClick={[Function]}
    >
      All genres
    </a>
  </li>
  <li
    className="catalog__genres-item catalog__genres-item--active "
  >
    <a
      className="catalog__genres-link"
      href="#"
      onClick={[Function]}
    >
      Comedy
    </a>
  </li>
</ul>
`;
